# Test the parser on a graph that contains 14 nodes
# with varying edges each.

loaded graph mediumHeroes
the children of DR. STRANGE/STEPHEN  in mediumHeroes are: ANCIENT ONE(DRSTR2 13) ANCIENT ONE(DRSTR2 19) ANCIENT ONE(DRSTR@ 1) ANCIENT ONE(M/FEA 1/3) ANCIENT ONE(ST 137/2) ANCIENT ONE(ST 153/2) ANCIENT ONE(ST 155/2) BARON MORDO/KARL MOR(M/FEA 1/3) BARON MORDO/KARL MOR(ST 134/2) BARON MORDO/KARL MOR(ST 137/2) CLEA(DRSTR2 19) CLEA(DRSTR@ 1) CLEA(ST 153/2) CLEA(ST 155/2) DORMAMMU(ST 134/2) ETERNITY/ADAM QADMON(DRSTR2 13) UMAR(ST 153/2) UMAR(ST 155/2) WONG(M/FEA 1/3) ZOM(ST 156/2)